============================= test session starts ==============================
platform linux -- Python 3.11.1, pytest-7.2.1, pluggy-1.0.0 -- /usr/bin/python3
cachedir: .pytest_cache
rootdir: /home/pja/git/xkcd-pass-python
collecting ... collected 45 items

tests/test_xkcd_phrase_acrostic.py::TestGenerateAcrostic::test_bad_acrostic PASSED [  2%]
tests/test_xkcd_phrase_acrostic.py::TestGenerateAcrostic::test_bad_acrostic2 PASSED [  4%]
tests/test_xkcd_phrase_acrostic.py::TestGenerateAcrostic::test_good_acrostic PASSED [  6%]
tests/test_xkcd_phrase_acrostic.py::TestGenerateAcrostic::test_upper_case_acrostic PASSED [  8%]
tests/test_xkcd_phrase_emit_passwords.py::TestEmitPasswords::test_emits_no_digits_when_no_padding_digits_is_true PASSED [ 11%]
tests/test_xkcd_phrase_emit_passwords.py::TestEmitPasswords::test_emits_no_separator_when_specified_separator_empty PASSED [ 13%]
tests/test_xkcd_phrase_emit_passwords.py::TestEmitPasswords::test_emits_specified_count_of_passwords PASSED [ 15%]
tests/test_xkcd_phrase_emit_passwords.py::TestEmitPasswords::test_emits_specified_separator_between_passwords PASSED [ 17%]
tests/test_xkcd_phrase_entropy.py::TestEntropy::test_entropy PASSED      [ 20%]
tests/test_xkcd_phrase_entropy.py::TestEntropy::test_entropy_poss_char_first PASSED [ 22%]
tests/test_xkcd_phrase_entropy.py::TestEntropy::test_entropy_poss_char_lower PASSED [ 24%]
tests/test_xkcd_phrase_entropy.py::TestEntropy::test_entropy_poss_char_restricted PASSED [ 26%]
tests/test_xkcd_phrase_generate_wordlist.py::TestGenerateWordlist::test_loadwordfile PASSED [ 28%]
tests/test_xkcd_phrase_generate_wordlist.py::TestGenerateWordlist::test_regex PASSED [ 31%]
tests/test_xkcd_phrase_generate_wordlist.py::TestGenerateWordlist::test_validchar1 PASSED [ 33%]
tests/test_xkcd_phrase_generate_wordlist.py::TestGenerateWordlist::test_validchar2 PASSED [ 35%]
tests/test_xkcd_phrase_generate_xkpassword.py::TestGenerateWordlist::test_delim PASSED [ 37%]
tests/test_xkcd_phrase_init.py::TestInit::test_init PASSED               [ 40%]
tests/test_xkcd_phrase_interactive.py::TestInteractiveInitialization::test_interactive_initialization PASSED [ 42%]
tests/test_xkcd_phrase_interactive.py::TestInteractiveInitialization::test_interactive_initialization_default_num_words PASSED [ 44%]
tests/test_xkcd_phrase_interactive.py::TestInteractiveInitialization::test_interactive_initialization_error PASSED [ 46%]
tests/test_xkcd_phrase_main.py::TestMain::test_main PASSED               [ 48%]
tests/test_xkcd_phrase_main.py::TestMain::test_main_help PASSED          [ 51%]
tests/test_xkcd_phrase_main.py::TestMain::test_main_interactive PASSED   [ 53%]
tests/test_xkcd_phrase_main.py::TestMain::test_main_systemexit PASSED    [ 55%]
tests/test_xkcd_phrase_main.py::TestMain::test_no_special PASSED         [ 57%]
tests/test_xkcd_phrase_main.py::TestMain::test_special_append PASSED     [ 60%]
tests/test_xkcd_phrase_numeric_char.py::TestNumericChar::test_no_numeric_char PASSED [ 62%]
tests/test_xkcd_phrase_numeric_char.py::TestNumericChar::test_numeric_append PASSED [ 64%]
tests/test_xkcd_phrase_numeric_char.py::TestNumericChar::test_numeric_char_num PASSED [ 66%]
tests/test_xkcd_phrase_set_case.py::TestSetCase::test_set_case PASSED    [ 68%]
tests/test_xkcd_phrase_special_char.py::TestGenerateSpecialChar::test_good_special PASSED [ 71%]
tests/test_xkcd_phrase_special_char.py::TestGenerateSpecialChar::test_special_char_num PASSED [ 73%]
tests/test_xkcd_phrase_try_input.py::TestTryInput::test_try_input PASSED [ 75%]
tests/test_xkcd_phrase_try_input.py::TestTryInput::test_try_input_failure PASSED [ 77%]
tests/test_xkcd_phrase_validate_options.py::TestValidateOptions::test_validate_options_bad_custom_char_set PASSED [ 80%]
tests/test_xkcd_phrase_validate_options.py::TestValidateOptions::test_validate_options_custom_char_set PASSED [ 82%]
tests/test_xkcd_phrase_validate_options.py::TestValidateOptions::test_validate_options_default_char_set PASSED [ 84%]
tests/test_xkcd_phrase_validate_options.py::TestValidateOptions::test_validate_options_default_wordfile PASSED [ 86%]
tests/test_xkcd_phrase_validate_options.py::TestValidateOptions::test_validate_options_delimiter PASSED [ 88%]
tests/test_xkcd_phrase_validate_options.py::TestValidateOptions::test_validate_options_incorrect_max_length PASSED [ 91%]
tests/test_xkcd_phrase_validate_options.py::TestValidateOptions::test_validate_options_incorrect_min_length PASSED [ 93%]
tests/test_xkcd_phrase_validate_options.py::TestValidateOptions::test_validate_options_incorrect_wordfile PASSED [ 95%]
tests/test_xkcd_phrase_validate_options.py::TestValidateOptions::test_validate_options_low_numwords PASSED [ 97%]
tests/test_xkcd_phrase_validate_options.py::TestValidateOptions::test_validate_options_low_word_count PASSED [100%]

============================== 45 passed in 0.33s ==============================
